// Vitest Snapshot v1, https://vitest.dev/guide/snapshot.html

exports[`LectureHomework > renders correctly 1`] = `
<DocumentFragment>
  <div
    class="MuiPaper-root MuiPaper-elevation MuiPaper-rounded MuiPaper-elevation1 css-1n8pi7-MuiPaper-root"
  >
    <h5
      class="MuiTypography-root MuiTypography-h5 css-1gr94hq-MuiTypography-root"
    >
      Домашнее задание
    </h5>
    <div
      class="MuiStack-root css-1yc1p5z-MuiStack-root"
    >
      <div
        class="MuiBox-root css-i6bazn"
      >
        <p
          class="MuiTypography-root MuiTypography-body2 css-2sm3sf-MuiTypography-root"
        >
          Здесь будет отображаться текст домашнего задания к текущей лекции.
          <br />
        </p>
        <p
          class="MuiTypography-root MuiTypography-body2 css-2sm3sf-MuiTypography-root"
        >
          Пример домашнего задания:
          <br />
        </p>
        <p
          class="MuiTypography-root MuiTypography-body2 css-2sm3sf-MuiTypography-root"
        >
          1. Есть ли разница между $("h1 div"); и $("h1").$("div").
          <br />
        </p>
        <p
          class="MuiTypography-root MuiTypography-body2 css-2sm3sf-MuiTypography-root"
        >
          Может ли привести к тому что, поиск найдёт разные элементы?
          <br />
        </p>
        <p
          class="MuiTypography-root MuiTypography-body2 css-2sm3sf-MuiTypography-root"
        >
          2. Разработайте следующий автотест:
          <br />
        </p>
        <p
          class="MuiTypography-root MuiTypography-body2 css-2sm3sf-MuiTypography-root"
        >
           - Откройте страницу Selenide в Github
          <br />
        </p>
        <p
          class="MuiTypography-root MuiTypography-body2 css-2sm3sf-MuiTypography-root"
        >
           - Перейдите в раздел Wiki проекта
          <br />
        </p>
        <p
          class="MuiTypography-root MuiTypography-body2 css-2sm3sf-MuiTypography-root"
        >
           - Убедитесь, что в списке страниц (Pages) есть страница SoftAssertions
          <br />
        </p>
        <p
          class="MuiTypography-root MuiTypography-body2 css-2sm3sf-MuiTypography-root"
        >
           - Откройте страницу SoftAssertions, проверьте что внутри есть пример кода для JUnit5
          <br />
        </p>
      </div>
      <div
        class="MuiBox-root css-i6bazn"
      >
        <p
          class="MuiTypography-root MuiTypography-body2 css-2sm3sf-MuiTypography-root"
        >
          Здесь будет отображаться текст домашнего задания к текущей лекции.
          <br />
        </p>
        <p
          class="MuiTypography-root MuiTypography-body2 css-2sm3sf-MuiTypography-root"
        >
          Пример домашнего задания:
          <br />
        </p>
        <p
          class="MuiTypography-root MuiTypography-body2 css-2sm3sf-MuiTypography-root"
        >
          1. Есть ли разница между $("h1 div"); и $("h1").$("div").
          <br />
        </p>
        <p
          class="MuiTypography-root MuiTypography-body2 css-2sm3sf-MuiTypography-root"
        >
          Может ли привести к тому что, поиск найдёт разные элементы?
          <br />
        </p>
        <p
          class="MuiTypography-root MuiTypography-body2 css-2sm3sf-MuiTypography-root"
        >
          2. Разработайте следующий автотест:
          <br />
        </p>
        <p
          class="MuiTypography-root MuiTypography-body2 css-2sm3sf-MuiTypography-root"
        >
           - Откройте страницу Selenide в Github
          <br />
        </p>
        <p
          class="MuiTypography-root MuiTypography-body2 css-2sm3sf-MuiTypography-root"
        >
           - Перейдите в раздел Wiki проекта
          <br />
        </p>
        <p
          class="MuiTypography-root MuiTypography-body2 css-2sm3sf-MuiTypography-root"
        >
           - Убедитесь, что в списке страниц (Pages) есть страница SoftAssertions
          <br />
        </p>
        <p
          class="MuiTypography-root MuiTypography-body2 css-2sm3sf-MuiTypography-root"
        >
           - Откройте страницу SoftAssertions, проверьте что внутри есть пример кода для JUnit5
          <br />
        </p>
      </div>
    </div>
  </div>
</DocumentFragment>
`;
