// Vitest Snapshot v1, https://vitest.dev/guide/snapshot.html

exports[`LectureDescription > renders correctly 1`] = `
<DocumentFragment>
  <div
    class="MuiPaper-root MuiPaper-elevation MuiPaper-rounded MuiPaper-elevation1 css-nxklxt-MuiPaper-root"
  >
    <h5
      class="MuiTypography-root MuiTypography-h5 css-8wzaua-MuiTypography-root"
    >
      Содержание урока
    </h5>
    <hr
      class="MuiDivider-root MuiDivider-fullWidth css-9mgopn-MuiDivider-root"
    />
    <div
      class="MuiStack-root css-10kbc59-MuiStack-root"
    >
      <div
        class="MuiStack-root css-5gq4xp-MuiStack-root"
      >
        <h6
          class="MuiTypography-root MuiTypography-subtitle2 css-16en7dj-MuiTypography-root"
        >
          1
        </h6>
        <h6
          class="MuiTypography-root MuiTypography-subtitle1 css-10wpov9-MuiTypography-root"
        >
          string, string
        </h6>
      </div>
      <div
        class="MuiStack-root css-5gq4xp-MuiStack-root"
      >
        <h6
          class="MuiTypography-root MuiTypography-subtitle2 css-16en7dj-MuiTypography-root"
        >
          2
        </h6>
        <h6
          class="MuiTypography-root MuiTypography-subtitle1 css-10wpov9-MuiTypography-root"
        >
          string
        </h6>
      </div>
    </div>
  </div>
</DocumentFragment>
`;
