// Vitest Snapshot v1, https://vitest.dev/guide/snapshot.html

exports[`Form > Form is render 1`] = `
<DocumentFragment>
  <form>
    <div
      class="MuiGrid-root MuiGrid-container MuiGrid-spacing-xs-1 css-7ldjcq-MuiGrid-root"
    >
      <div
        class="MuiGrid-root MuiGrid-item MuiGrid-grid-xs-12 MuiGrid-grid-sm-2 css-63b4os-MuiGrid-root"
      />
      <div
        class="MuiGrid-root MuiGrid-item MuiGrid-grid-xs-12 MuiGrid-grid-sm-2 css-63b4os-MuiGrid-root"
      >
        <div
          aria-label="Выберите курс"
          class="MuiFormControl-root MuiFormControl-fullWidth css-q8hpuo-MuiFormControl-root"
          data-mui-internal-clone-element="true"
        >
          <label
            class="MuiFormLabel-root MuiInputLabel-root MuiInputLabel-formControl MuiInputLabel-animated MuiInputLabel-outlined MuiFormLabel-colorPrimary MuiInputLabel-root MuiInputLabel-formControl MuiInputLabel-animated MuiInputLabel-outlined css-14s5rfu-MuiFormLabel-root-MuiInputLabel-root"
            data-shrink="false"
          >
            Выберите урок
          </label>
          <div
            class="MuiInputBase-root MuiOutlinedInput-root MuiInputBase-colorPrimary Mui-disabled MuiInputBase-formControl  css-1yk1gt9-MuiInputBase-root-MuiOutlinedInput-root-MuiSelect-root"
          >
            <div
              aria-disabled="true"
              aria-expanded="false"
              aria-haspopup="listbox"
              class="MuiSelect-select MuiSelect-outlined Mui-disabled MuiInputBase-input MuiOutlinedInput-input Mui-disabled css-11u53oe-MuiSelect-select-MuiInputBase-input-MuiOutlinedInput-input"
              role="button"
            >
              <span
                class="notranslate"
              >
                ​
              </span>
            </div>
            <input
              aria-hidden="true"
              aria-invalid="false"
              class="MuiSelect-nativeInput css-yf8vq0-MuiSelect-nativeInput"
              disabled=""
              tabindex="-1"
              value=""
            />
            <svg
              aria-hidden="true"
              class="MuiSvgIcon-root MuiSvgIcon-fontSizeMedium MuiSelect-icon MuiSelect-iconOutlined Mui-disabled css-hfutr2-MuiSvgIcon-root-MuiSelect-icon"
              data-testid="ArrowDropDownIcon"
              focusable="false"
              viewBox="0 0 24 24"
            >
              <path
                d="M7 10l5 5 5-5z"
              />
            </svg>
            <fieldset
              aria-hidden="true"
              class="MuiOutlinedInput-notchedOutline css-1d3z3hw-MuiOutlinedInput-notchedOutline"
            >
              <legend
                class="css-yjsfm1"
              >
                <span>
                  Выберите урок
                </span>
              </legend>
            </fieldset>
          </div>
        </div>
      </div>
      <div
        class="MuiGrid-root MuiGrid-item MuiGrid-grid-xs-12 MuiGrid-grid-sm-2 css-63b4os-MuiGrid-root"
      >
        <div
          class="MuiFormControl-root MuiFormControl-fullWidth css-q8hpuo-MuiFormControl-root"
        >
          <label
            class="MuiFormLabel-root MuiInputLabel-root MuiInputLabel-formControl MuiInputLabel-animated MuiInputLabel-outlined MuiFormLabel-colorPrimary MuiInputLabel-root MuiInputLabel-formControl MuiInputLabel-animated MuiInputLabel-outlined css-14s5rfu-MuiFormLabel-root-MuiInputLabel-root"
            data-shrink="false"
          >
            Выберите наставника
          </label>
          <div
            class="MuiInputBase-root MuiOutlinedInput-root MuiInputBase-colorPrimary MuiInputBase-formControl  css-1yk1gt9-MuiInputBase-root-MuiOutlinedInput-root-MuiSelect-root"
          >
            <div
              aria-expanded="false"
              aria-haspopup="listbox"
              class="MuiSelect-select MuiSelect-outlined MuiInputBase-input MuiOutlinedInput-input css-11u53oe-MuiSelect-select-MuiInputBase-input-MuiOutlinedInput-input"
              role="button"
              tabindex="0"
            >
              <span
                class="notranslate"
              >
                ​
              </span>
            </div>
            <input
              aria-hidden="true"
              aria-invalid="false"
              class="MuiSelect-nativeInput css-yf8vq0-MuiSelect-nativeInput"
              tabindex="-1"
              value=""
            />
            <svg
              aria-hidden="true"
              class="MuiSvgIcon-root MuiSvgIcon-fontSizeMedium MuiSelect-icon MuiSelect-iconOutlined css-hfutr2-MuiSvgIcon-root-MuiSelect-icon"
              data-testid="ArrowDropDownIcon"
              focusable="false"
              viewBox="0 0 24 24"
            >
              <path
                d="M7 10l5 5 5-5z"
              />
            </svg>
            <fieldset
              aria-hidden="true"
              class="MuiOutlinedInput-notchedOutline css-1d3z3hw-MuiOutlinedInput-notchedOutline"
            >
              <legend
                class="css-yjsfm1"
              >
                <span>
                  Выберите наставника
                </span>
              </legend>
            </fieldset>
          </div>
        </div>
      </div>
      <div
        class="MuiGrid-root MuiGrid-item MuiGrid-grid-xs-12 MuiGrid-grid-sm-2 css-63b4os-MuiGrid-root"
      >
        <div
          class="MuiFormControl-root MuiTextField-root css-1u3bzj6-MuiFormControl-root-MuiTextField-root"
        >
          <label
            class="MuiFormLabel-root MuiInputLabel-root MuiInputLabel-formControl MuiInputLabel-animated MuiInputLabel-outlined MuiFormLabel-colorPrimary MuiInputLabel-root MuiInputLabel-formControl MuiInputLabel-animated MuiInputLabel-outlined css-14s5rfu-MuiFormLabel-root-MuiInputLabel-root"
            data-shrink="false"
            for=":r1:"
            id=":r1:-label"
          >
            Выберите дату от
          </label>
          <div
            class="MuiInputBase-root MuiOutlinedInput-root MuiInputBase-colorPrimary MuiInputBase-formControl MuiInputBase-adornedEnd css-o9k5xi-MuiInputBase-root-MuiOutlinedInput-root"
          >
            <input
              aria-invalid="false"
              autocomplete="off"
              class="MuiInputBase-input MuiOutlinedInput-input MuiInputBase-inputAdornedEnd css-nxo287-MuiInputBase-input-MuiOutlinedInput-input"
              id=":r1:"
              inputmode="text"
              placeholder="MM/DD/YYYY"
              type="text"
              value=""
            />
            <div
              class="MuiInputAdornment-root MuiInputAdornment-positionEnd MuiInputAdornment-outlined MuiInputAdornment-sizeMedium css-1laqsz7-MuiInputAdornment-root"
            >
              <button
                aria-label="Choose date"
                class="MuiButtonBase-root MuiIconButton-root MuiIconButton-edgeEnd MuiIconButton-sizeMedium css-1yq5fb3-MuiButtonBase-root-MuiIconButton-root"
                tabindex="0"
                type="button"
              >
                <svg
                  aria-hidden="true"
                  class="MuiSvgIcon-root MuiSvgIcon-fontSizeMedium css-i4bv87-MuiSvgIcon-root"
                  data-testid="CalendarIcon"
                  focusable="false"
                  viewBox="0 0 24 24"
                >
                  <path
                    d="M17 12h-5v5h5v-5zM16 1v2H8V1H6v2H5c-1.11 0-1.99.9-1.99 2L3 19c0 1.1.89 2 2 2h14c1.1 0 2-.9 2-2V5c0-1.1-.9-2-2-2h-1V1h-2zm3 18H5V8h14v11z"
                  />
                </svg>
                <span
                  class="MuiTouchRipple-root css-8je8zh-MuiTouchRipple-root"
                />
              </button>
            </div>
            <fieldset
              aria-hidden="true"
              class="MuiOutlinedInput-notchedOutline css-1d3z3hw-MuiOutlinedInput-notchedOutline"
            >
              <legend
                class="css-yjsfm1"
              >
                <span>
                  Выберите дату от
                </span>
              </legend>
            </fieldset>
          </div>
        </div>
      </div>
      <div
        class="MuiGrid-root MuiGrid-item MuiGrid-grid-xs-12 MuiGrid-grid-sm-2 css-63b4os-MuiGrid-root"
      >
        <div
          class="MuiFormControl-root MuiTextField-root css-1u3bzj6-MuiFormControl-root-MuiTextField-root"
        >
          <label
            class="MuiFormLabel-root MuiInputLabel-root MuiInputLabel-formControl MuiInputLabel-animated MuiInputLabel-outlined MuiFormLabel-colorPrimary MuiInputLabel-root MuiInputLabel-formControl MuiInputLabel-animated MuiInputLabel-outlined css-14s5rfu-MuiFormLabel-root-MuiInputLabel-root"
            data-shrink="false"
            for=":r3:"
            id=":r3:-label"
          >
            Выберите дату до
          </label>
          <div
            class="MuiInputBase-root MuiOutlinedInput-root MuiInputBase-colorPrimary MuiInputBase-formControl MuiInputBase-adornedEnd css-o9k5xi-MuiInputBase-root-MuiOutlinedInput-root"
          >
            <input
              aria-invalid="false"
              autocomplete="off"
              class="MuiInputBase-input MuiOutlinedInput-input MuiInputBase-inputAdornedEnd css-nxo287-MuiInputBase-input-MuiOutlinedInput-input"
              id=":r3:"
              inputmode="text"
              placeholder="MM/DD/YYYY"
              type="text"
              value=""
            />
            <div
              class="MuiInputAdornment-root MuiInputAdornment-positionEnd MuiInputAdornment-outlined MuiInputAdornment-sizeMedium css-1laqsz7-MuiInputAdornment-root"
            >
              <button
                aria-label="Choose date"
                class="MuiButtonBase-root MuiIconButton-root MuiIconButton-edgeEnd MuiIconButton-sizeMedium css-1yq5fb3-MuiButtonBase-root-MuiIconButton-root"
                tabindex="0"
                type="button"
              >
                <svg
                  aria-hidden="true"
                  class="MuiSvgIcon-root MuiSvgIcon-fontSizeMedium css-i4bv87-MuiSvgIcon-root"
                  data-testid="CalendarIcon"
                  focusable="false"
                  viewBox="0 0 24 24"
                >
                  <path
                    d="M17 12h-5v5h5v-5zM16 1v2H8V1H6v2H5c-1.11 0-1.99.9-1.99 2L3 19c0 1.1.89 2 2 2h14c1.1 0 2-.9 2-2V5c0-1.1-.9-2-2-2h-1V1h-2zm3 18H5V8h14v11z"
                  />
                </svg>
                <span
                  class="MuiTouchRipple-root css-8je8zh-MuiTouchRipple-root"
                />
              </button>
            </div>
            <fieldset
              aria-hidden="true"
              class="MuiOutlinedInput-notchedOutline css-1d3z3hw-MuiOutlinedInput-notchedOutline"
            >
              <legend
                class="css-yjsfm1"
              >
                <span>
                  Выберите дату до
                </span>
              </legend>
            </fieldset>
          </div>
        </div>
      </div>
      <div
        class="MuiGrid-root MuiGrid-item MuiGrid-grid-xs-12 MuiGrid-grid-sm-2 css-63b4os-MuiGrid-root"
      >
        <div
          class="MuiStack-root css-w4z10b-MuiStack-root"
        >
          <button
            class="MuiButtonBase-root MuiButton-root MuiButton-contained MuiButton-containedPrimary MuiButton-sizeMedium MuiButton-containedSizeMedium MuiButton-root MuiButton-contained MuiButton-containedPrimary MuiButton-sizeMedium MuiButton-containedSizeMedium css-sghohy-MuiButtonBase-root-MuiButton-root"
            tabindex="0"
            type="button"
          >
            Применить
            <span
              class="MuiTouchRipple-root css-8je8zh-MuiTouchRipple-root"
            />
          </button>
          <button
            class="MuiButtonBase-root MuiButton-root MuiButton-contained MuiButton-containedSecondary MuiButton-sizeMedium MuiButton-containedSizeMedium MuiButton-root MuiButton-contained MuiButton-containedSecondary MuiButton-sizeMedium MuiButton-containedSizeMedium css-zcbmsk-MuiButtonBase-root-MuiButton-root"
            tabindex="0"
            type="button"
          >
            Сбросить
            <span
              class="MuiTouchRipple-root css-8je8zh-MuiTouchRipple-root"
            />
          </button>
        </div>
      </div>
    </div>
  </form>
</DocumentFragment>
`;
