// Vitest Snapshot v1, https://vitest.dev/guide/snapshot.html

exports[`TrainingLectures > renders correctly 1`] = `
<DocumentFragment>
  <div
    class="MuiContainer-root MuiContainer-maxWidthLg css-1oqqzyl-MuiContainer-root"
  >
    <button
      class="MuiButtonBase-root MuiButton-root MuiButton-outlined MuiButton-outlinedPrimary MuiButton-sizeMedium MuiButton-outlinedSizeMedium MuiButton-root MuiButton-outlined MuiButton-outlinedPrimary MuiButton-sizeMedium MuiButton-outlinedSizeMedium css-1lexyjf-MuiButtonBase-root-MuiButton-root"
      tabindex="0"
      type="button"
    >
      <svg
        aria-hidden="true"
        class="MuiSvgIcon-root MuiSvgIcon-fontSizeMedium css-qn5tej-MuiSvgIcon-root"
        data-testid="ArrowBackIcon"
        focusable="false"
        viewBox="0 0 24 24"
      >
        <path
          d="M20 11H7.83l5.59-5.59L12 4l-8 8 8 8 1.41-1.41L7.83 13H20v-2z"
        />
      </svg>
      <h6
        class="MuiTypography-root MuiTypography-subtitle1 css-3ymmqj-MuiTypography-root"
      >
        К списку курсов
      </h6>
      <span
        class="MuiTouchRipple-root css-8je8zh-MuiTouchRipple-root"
      />
    </button>
    <h4
      class="MuiTypography-root MuiTypography-h4 css-h8ke29-MuiTypography-root"
    >
      string
    </h4>
    <div
      class="MuiGrid-root MuiGrid-container css-8pqjud-MuiGrid-root"
    >
      <div
        class="MuiGrid-root MuiGrid-item MuiGrid-grid-xs-12 css-1idn90j-MuiGrid-root"
      >
        <a
          class="css-ytumd6"
          href="/training/1234/string"
        >
          <button
            class="MuiButtonBase-root MuiCardActionArea-root css-1t3prmd-MuiButtonBase-root-MuiCardActionArea-root"
            tabindex="0"
            type="button"
          >
            <div
              class="MuiPaper-root MuiPaper-elevation MuiPaper-rounded MuiPaper-elevation1 css-1ou7ve4-MuiPaper-root"
            >
              <h6
                class="MuiTypography-root MuiTypography-h6 css-97ruyc-MuiTypography-root"
              >
                string
              </h6>
              <div
                class="MuiStack-root css-1yc1p5z-MuiStack-root"
              >
                <div
                  class="MuiStack-root css-idd31a-MuiStack-root"
                >
                  <h6
                    class="MuiTypography-root MuiTypography-subtitle2 css-1p7jsv9-MuiTypography-root"
                  >
                    1
                  </h6>
                  <h6
                    class="MuiTypography-root MuiTypography-subtitle1 css-v3tflm-MuiTypography-root"
                  >
                    string1
                  </h6>
                </div>
                <div
                  class="MuiStack-root css-idd31a-MuiStack-root"
                >
                  <h6
                    class="MuiTypography-root MuiTypography-subtitle2 css-1p7jsv9-MuiTypography-root"
                  >
                    2
                  </h6>
                  <h6
                    class="MuiTypography-root MuiTypography-subtitle1 css-v3tflm-MuiTypography-root"
                  >
                    string1
                  </h6>
                </div>
              </div>
              <div
                class="MuiBox-root css-fw9znx"
              >
                <h6
                  class="MuiTypography-root MuiTypography-subtitle2 css-1hhqpuv-MuiTypography-root"
                >
                  Продолжить
                </h6>
              </div>
            </div>
            <span
              class="MuiCardActionArea-focusHighlight css-1v2exvi-MuiCardActionArea-focusHighlight"
            />
            <span
              class="MuiTouchRipple-root css-8je8zh-MuiTouchRipple-root"
            />
          </button>
        </a>
      </div>
    </div>
  </div>
</DocumentFragment>
`;
