// Vitest Snapshot v1, https://vitest.dev/guide/snapshot.html

exports[`ButtonLessonsList > renders correctly 1`] = `
<DocumentFragment>
  <button
    class="MuiButtonBase-root MuiButton-root MuiButton-outlined MuiButton-outlinedPrimary MuiButton-sizeMedium MuiButton-outlinedSizeMedium MuiButton-root MuiButton-outlined MuiButton-outlinedPrimary MuiButton-sizeMedium MuiButton-outlinedSizeMedium css-86zk83-MuiButtonBase-root-MuiButton-root"
    tabindex="0"
    type="button"
  >
    <svg
      aria-hidden="true"
      class="MuiSvgIcon-root MuiSvgIcon-fontSizeMedium css-qn5tej-MuiSvgIcon-root"
      data-testid="ChevronLeftIcon"
      focusable="false"
      viewBox="0 0 24 24"
    >
      <path
        d="M15.41 7.41 14 6l-6 6 6 6 1.41-1.41L10.83 12z"
      />
    </svg>
    <p
      class="MuiTypography-root MuiTypography-body2 css-xw5kh4-MuiTypography-root"
    >
      К списку уроков
    </p>
    <span
      class="MuiTouchRipple-root css-8je8zh-MuiTouchRipple-root"
    />
  </button>
</DocumentFragment>
`;
