// Vitest Snapshot v1, https://vitest.dev/guide/snapshot.html

exports[`CommentTotalElements > renders correctly 1`] = `
<DocumentFragment>
  <div
    class="MuiStack-root css-1ohoath-MuiStack-root"
  >
    <h5
      class="MuiTypography-root MuiTypography-h5 css-19fr98w-MuiTypography-root"
    >
      Комментарии
    </h5>
    <h5
      class="MuiTypography-root MuiTypography-h5 css-19fr98w-MuiTypography-root"
    >
      (7)
    </h5>
  </div>
</DocumentFragment>
`;
