// Vitest Snapshot v1

exports[`Comment > the component is render 1`] = `
<DocumentFragment>
  <form>
    <h5
      class="MuiTypography-root MuiTypography-h5 css-6nzxz6-MuiTypography-root"
    >
      Добавить комментарий
    </h5>
    <div
      class="MuiBox-root css-8atqhb"
    >
      <div
        class="MuiFormControl-root MuiFormControl-fullWidth css-q8hpuo-MuiFormControl-root"
      >
        <div
          class="MuiFormControl-root MuiFormControl-fullWidth MuiTextField-root css-wb57ya-MuiFormControl-root-MuiTextField-root"
        >
          <div
            class="MuiInputBase-root MuiOutlinedInput-root MuiInputBase-colorPrimary MuiInputBase-fullWidth MuiInputBase-formControl MuiInputBase-multiline css-8ewcdo-MuiInputBase-root-MuiOutlinedInput-root"
          >
            <textarea
              aria-invalid="false"
              class="MuiInputBase-input MuiOutlinedInput-input MuiInputBase-inputMultiline css-1sqnrkk-MuiInputBase-input-MuiOutlinedInput-input"
              id=":r0:"
              maxlength="10000"
              placeholder="Текст ответа"
              style="height: 0px; overflow: hidden;"
            />
            <textarea
              aria-hidden="true"
              class="MuiInputBase-input MuiOutlinedInput-input MuiInputBase-inputMultiline css-1sqnrkk-MuiInputBase-input-MuiOutlinedInput-input"
              readonly=""
              style="visibility: hidden; position: absolute; overflow: hidden; height: 0px; top: 0px; left: 0px; transform: translateZ(0); padding: 0px; width: 100%;"
              tabindex="-1"
            />
            <fieldset
              aria-hidden="true"
              class="MuiOutlinedInput-notchedOutline css-1d3z3hw-MuiOutlinedInput-notchedOutline"
            >
              <legend
                class="css-ihdtdm"
              >
                <span
                  class="notranslate"
                >
                  ​
                </span>
              </legend>
            </fieldset>
          </div>
        </div>
      </div>
    </div>
    <div
      class="MuiStack-root css-1qvzoxq-MuiStack-root"
    >
      <button
        class="MuiButtonBase-root MuiButton-root MuiLoadingButton-root MuiButton-contained MuiButton-containedPrimary MuiButton-sizeMedium MuiButton-containedSizeMedium MuiButton-root MuiLoadingButton-root MuiButton-contained MuiButton-containedPrimary MuiButton-sizeMedium MuiButton-containedSizeMedium css-17d8meg-MuiButtonBase-root-MuiButton-root-MuiLoadingButton-root"
        id=":r1:"
        tabindex="0"
        type="button"
      >
        Отправить
        <span
          class="MuiTouchRipple-root css-8je8zh-MuiTouchRipple-root"
        />
      </button>
    </div>
  </form>
  <div
    class="MuiStack-root css-w4z10b-MuiStack-root"
  >
    <h5
      class="MuiTypography-root MuiTypography-h5 css-ag7rrr-MuiTypography-root"
    >
      Комментарии
    </h5>
    <h5
      class="MuiTypography-root MuiTypography-h5 css-ag7rrr-MuiTypography-root"
    >
      (6)
    </h5>
  </div>
  <div
    class="infinite-scroll-component__outerdiv"
  >
    <div
      class="infinite-scroll-component "
      style="height: auto; overflow: visible;"
    >
      <div
        class="MuiStack-root css-1w1iguc-MuiStack-root"
      >
        <div
          class="MuiPaper-root MuiPaper-elevation MuiPaper-rounded MuiPaper-elevation1 css-1yrtkdo-MuiPaper-root"
        >
          <div
            class="MuiStack-root css-1esctib-MuiStack-root"
          >
            <div
              class="MuiBox-root css-8atqhb"
            >
              <div
                class="MuiStack-root css-unhrs1-MuiStack-root"
              >
                <div
                  class="MuiAvatar-root MuiAvatar-circular css-2ldpwk-MuiAvatar-root"
                >
                  <img
                    alt="Remy Sharp"
                    class="MuiAvatar-img css-1pqm26d-MuiAvatar-img"
                    src="/static/images/avatar/1.jpg"
                  />
                </div>
                <div
                  class="MuiBox-root css-0"
                >
                  <h6
                    class="MuiTypography-root MuiTypography-subtitle1 css-10wpov9-MuiTypography-root"
                  >
                    string string
                  </h6>
                  <div
                    class="MuiStack-root css-gmwslw-MuiStack-root"
                  >
                    <h6
                      class="MuiTypography-root MuiTypography-subtitle2 css-ati914-MuiTypography-root"
                    >
                      23.03.2023 | 00:00
                    </h6>
                  </div>
                </div>
              </div>
              <div
                class="MuiBox-root css-6qfr2n"
              >
                <div
                  class="MuiBox-root css-i6bazn"
                >
                  <h6
                    class="MuiTypography-root MuiTypography-subtitle1 css-18u75fl-MuiTypography-root"
                  >
                    string
                    <br />
                  </h6>
                </div>
              </div>
            </div>
          </div>
        </div>
      </div>
      <div
        class="MuiBox-root css-pnxypv"
      >
        <span
          class="MuiCircularProgress-root MuiCircularProgress-indeterminate MuiCircularProgress-colorPrimary css-18lrjg1-MuiCircularProgress-root"
          role="progressbar"
          style="width: 25px; height: 25px;"
        >
          <svg
            class="MuiCircularProgress-svg css-1idz92c-MuiCircularProgress-svg"
            viewBox="22 22 44 44"
          >
            <circle
              class="MuiCircularProgress-circle MuiCircularProgress-circleIndeterminate css-176wh8e-MuiCircularProgress-circle"
              cx="44"
              cy="44"
              fill="none"
              r="20.2"
              stroke-width="3.6"
            />
          </svg>
        </span>
      </div>
    </div>
  </div>
</DocumentFragment>
`;
