// Vitest Snapshot v1, https://vitest.dev/guide/snapshot.html

exports[`Homework > the component is render 1`] = `
<DocumentFragment>
  <div
    class="MuiPaper-root MuiPaper-elevation MuiPaper-rounded MuiPaper-elevation1 css-164p8hf-MuiPaper-root"
  >
    <div
      class="MuiStack-root css-17psve5-MuiStack-root"
    >
      <h5
        class="MuiTypography-root MuiTypography-h5 css-ag7rrr-MuiTypography-root"
      >
        Ответ на задание
      </h5>
      <div
        class="MuiStack-root css-1q36rmd-MuiStack-root"
      >
        <svg
          fill="none"
          height="20"
          viewBox="0 0 20 20"
          width="20"
          xmlns="http://www.w3.org/2000/svg"
        >
          <path
            d="M9.99 0C4.47 0 0 4.48 0 10C0 15.52 4.47 20 9.99 20C15.52 20 20 15.52 20 10C20 4.48 15.52 0 9.99 0ZM10 18C5.58 18 2 14.42 2 10C2 5.58 5.58 2 10 2C14.42 2 18 5.58 18 10C18 14.42 14.42 18 10 18Z"
            fill="black"
            fill-opacity="0.56"
          />
          <path
            d="M10.5 5H9V11L14.25 14.15L15 12.92L10.5 10.25V5Z"
            fill="black"
            fill-opacity="0.56"
          />
        </svg>
        <div
          class="MuiBox-root css-0"
        >
          <h6
            class="MuiTypography-root MuiTypography-subtitle1 css-10wpov9-MuiTypography-root"
          >
            Ожидает проверки
          </h6>
        </div>
      </div>
      <div
        class="MuiStack-root css-m9e6gq-MuiStack-root"
      />
    </div>
    <hr
      class="MuiDivider-root MuiDivider-fullWidth css-9mgopn-MuiDivider-root"
    />
    <div
      class="MuiBox-root css-1yuhvjn"
    >
      <div
        class="MuiStack-root css-unhrs1-MuiStack-root"
      >
        <div
          class="MuiAvatar-root MuiAvatar-circular MuiAvatar-colorDefault css-1kdh1tp-MuiAvatar-root"
        >
          <h6
            class="MuiTypography-root MuiTypography-h6 css-2ulfj5-MuiTypography-root"
          >
            fl
          </h6>
        </div>
        <div
          class="MuiBox-root css-0"
        >
          <h6
            class="MuiTypography-root MuiTypography-subtitle1 css-10wpov9-MuiTypography-root"
          >
            firstName lastName
          </h6>
          <div
            class="MuiStack-root css-gmwslw-MuiStack-root"
          >
            <h6
              class="MuiTypography-root MuiTypography-subtitle2 css-ati914-MuiTypography-root"
            >
              10.10.2021 | 12:10
            </h6>
          </div>
        </div>
      </div>
    </div>
    <div
      class="MuiBox-root css-6qfr2n"
    >
      <div
        class="MuiBox-root css-i6bazn"
      >
        <h6
          class="MuiTypography-root MuiTypography-subtitle1 css-18u75fl-MuiTypography-root"
        >
          answer
          <br />
        </h6>
      </div>
    </div>
    <div
      class="MuiStack-root css-hszfwg-MuiStack-root"
    >
      <div
        class="MuiStack-root css-1okj3ks-MuiStack-root"
      >
        <div
          class="MuiStack-root css-1q36rmd-MuiStack-root"
        >
          <span
            class="MuiSkeleton-root MuiSkeleton-circular MuiSkeleton-pulse css-fomgco-MuiSkeleton-root"
            style="width: 40px; height: 40px;"
          />
          <div
            class="MuiStack-root css-1r50ci7-MuiStack-root"
          >
            <span
              class="MuiSkeleton-root MuiSkeleton-text MuiSkeleton-pulse css-1uzkixw-MuiSkeleton-root"
            />
            <span
              class="MuiSkeleton-root MuiSkeleton-text MuiSkeleton-pulse css-1uzkixw-MuiSkeleton-root"
            />
          </div>
        </div>
        <span
          class="MuiSkeleton-root MuiSkeleton-rounded MuiSkeleton-pulse css-1ukovu3-MuiSkeleton-root"
          style="width: 100%; height: 60px;"
        />
      </div>
      <div
        class="MuiStack-root css-1okj3ks-MuiStack-root"
      >
        <div
          class="MuiStack-root css-1q36rmd-MuiStack-root"
        >
          <span
            class="MuiSkeleton-root MuiSkeleton-circular MuiSkeleton-pulse css-fomgco-MuiSkeleton-root"
            style="width: 40px; height: 40px;"
          />
          <div
            class="MuiStack-root css-1r50ci7-MuiStack-root"
          >
            <span
              class="MuiSkeleton-root MuiSkeleton-text MuiSkeleton-pulse css-1uzkixw-MuiSkeleton-root"
            />
            <span
              class="MuiSkeleton-root MuiSkeleton-text MuiSkeleton-pulse css-1uzkixw-MuiSkeleton-root"
            />
          </div>
        </div>
        <span
          class="MuiSkeleton-root MuiSkeleton-rounded MuiSkeleton-pulse css-1ukovu3-MuiSkeleton-root"
          style="width: 100%; height: 60px;"
        />
      </div>
    </div>
    <div
      class="MuiBox-root css-1yuhvjn"
    >
      <button
        class="MuiButtonBase-root MuiButton-root MuiButton-contained MuiButton-containedPrimary MuiButton-sizeMedium MuiButton-containedSizeMedium MuiButton-root MuiButton-contained MuiButton-containedPrimary MuiButton-sizeMedium MuiButton-containedSizeMedium css-o6gdek-MuiButtonBase-root-MuiButton-root"
        tabindex="0"
        type="button"
      >
        Показать другие комментарии
        <span
          class="MuiTouchRipple-root css-8je8zh-MuiTouchRipple-root"
        />
      </button>
    </div>
  </div>
</DocumentFragment>
`;
