// Vitest Snapshot v1, https://vitest.dev/guide/snapshot.html

exports[`InputSelect > renders correctly 1`] = `
<DocumentFragment>
  <label
    class="MuiFormLabel-root MuiInputLabel-root MuiInputLabel-animated MuiFormLabel-colorPrimary MuiInputLabel-root MuiInputLabel-animated css-1r395si-MuiFormLabel-root-MuiInputLabel-root"
  >
    testDate
  </label>
  <div
    class="MuiInputBase-root MuiOutlinedInput-root MuiInputBase-colorPrimary  css-d4zdg1-MuiInputBase-root-MuiOutlinedInput-root-MuiSelect-root"
  >
    <div
      aria-expanded="false"
      aria-haspopup="listbox"
      class="MuiSelect-select MuiSelect-outlined MuiInputBase-input MuiOutlinedInput-input css-1c0lsac-MuiSelect-select-MuiInputBase-input-MuiOutlinedInput-input"
      role="button"
      tabindex="0"
    >
      <span
        class="notranslate"
      >
        â€‹
      </span>
    </div>
    <input
      aria-hidden="true"
      aria-invalid="false"
      class="MuiSelect-nativeInput css-yf8vq0-MuiSelect-nativeInput"
      tabindex="-1"
      value="testDate"
    />
    <svg
      aria-hidden="true"
      class="MuiSvgIcon-root MuiSvgIcon-fontSizeMedium MuiSelect-icon MuiSelect-iconOutlined css-hfutr2-MuiSvgIcon-root-MuiSelect-icon"
      data-testid="ArrowDropDownIcon"
      focusable="false"
      viewBox="0 0 24 24"
    >
      <path
        d="M7 10l5 5 5-5z"
      />
    </svg>
    <fieldset
      aria-hidden="true"
      class="MuiOutlinedInput-notchedOutline css-1d3z3hw-MuiOutlinedInput-notchedOutline"
    >
      <legend
        class="css-yjsfm1"
      >
        <span>
          testDate
        </span>
      </legend>
    </fieldset>
  </div>
</DocumentFragment>
`;
