// Vitest Snapshot v1, https://vitest.dev/guide/snapshot.html

exports[`LectureContent > renders correctly 1`] = `
<DocumentFragment>
  <div
    class="MuiPaper-root MuiPaper-elevation MuiPaper-rounded MuiPaper-elevation1 css-6qxqkz-MuiPaper-root"
  >
    <h5
      class="MuiTypography-root MuiTypography-h5 css-1ht8sh5-MuiTypography-root"
    >
      Материалы урока
    </h5>
    <div
      class="MuiStack-root css-zgbp5c-MuiStack-root"
    />
  </div>
</DocumentFragment>
`;
