// Vitest Snapshot v1

exports[`Profile > the component is render 1`] = `
<DocumentFragment>
  <button
    aria-label="Open settings"
    class="MuiButtonBase-root MuiButton-root MuiButton-text MuiButton-textPrimary MuiButton-sizeMedium MuiButton-textSizeMedium MuiButton-root MuiButton-text MuiButton-textPrimary MuiButton-sizeMedium MuiButton-textSizeMedium css-1e6y48t-MuiButtonBase-root-MuiButton-root"
    data-mui-internal-clone-element="true"
    tabindex="0"
    type="button"
  >
    <div
      class="MuiAvatar-root MuiAvatar-circular css-2ldpwk-MuiAvatar-root"
    >
      <img
        alt="Remy Sharp"
        class="MuiAvatar-img css-1pqm26d-MuiAvatar-img"
        src="/static/images/avatar/1.jpg"
      />
    </div>
    <div
      class="MuiBox-root css-tzqd77"
    >
      <h6
        class="MuiTypography-root MuiTypography-subtitle2 css-17lzo9z-MuiTypography-root"
      >
        string
      </h6>
      <h6
        class="MuiTypography-root MuiTypography-subtitle2 css-17lzo9z-MuiTypography-root"
      >
        string
      </h6>
    </div>
    <span
      class="MuiTouchRipple-root css-8je8zh-MuiTouchRipple-root"
    />
  </button>
</DocumentFragment>
`;
