// Vitest Snapshot v1, https://vitest.dev/guide/snapshot.html

exports[`NoDataErrorMessage > renders correctly 1`] = `
<DocumentFragment>
  <div
    aria-hidden="true"
    class="MuiBackdrop-root css-1q8n7u2-MuiBackdrop-root"
    style="opacity: 1; webkit-transition: opacity 225ms cubic-bezier(0.4, 0, 0.2, 1) 0ms; transition: opacity 225ms cubic-bezier(0.4, 0, 0.2, 1) 0ms;"
  />
</DocumentFragment>
`;
