// Vitest Snapshot v1, https://vitest.dev/guide/snapshot.html

exports[`LectureTitle > renders correctly 1`] = `
<DocumentFragment>
  <h4
    class="MuiTypography-root MuiTypography-h4 css-1d2tv6x-MuiTypography-root"
  >
    Title
  </h4>
</DocumentFragment>
`;
