// Vitest Snapshot v1

exports[`HomeworkWrapper > the component is render 1`] = `
<DocumentFragment>
  <div
    class="MuiPaper-root MuiPaper-elevation MuiPaper-rounded MuiPaper-elevation1 css-1w6a372-MuiPaper-root"
  >
    <div
      class="css-a2l1ks-MuiStack-root"
    >
      <h5
        class="MuiTypography-root MuiTypography-h5 css-ag7rrr-MuiTypography-root"
      >
        Ответ на задание
      </h5>
      <div
        class="css-zpn3py-MuiStack-root"
      >
        <div
          class="MuiBox-root css-0"
        >
          <h6
            class="MuiTypography-root MuiTypography-subtitle1 css-10wpov9-MuiTypography-root"
          />
          <h6
            class="MuiTypography-root MuiTypography-subtitle2 css-ati914-MuiTypography-root"
          />
        </div>
      </div>
    </div>
    <div
      class="MuiBox-root css-tr0r3x"
    >
      <form>
        <div
          class="css-17qspa5-MuiStack-root"
        >
          <div
            class="MuiBox-root css-8atqhb"
          >
            <div
              class="MuiFormControl-root MuiFormControl-fullWidth MuiTextField-root css-wb57ya-MuiFormControl-root-MuiTextField-root"
            >
              <div
                class="MuiInputBase-root MuiOutlinedInput-root MuiInputBase-colorPrimary MuiInputBase-fullWidth MuiInputBase-formControl MuiInputBase-multiline css-8ewcdo-MuiInputBase-root-MuiOutlinedInput-root"
              >
                <textarea
                  aria-invalid="false"
                  class="MuiInputBase-input MuiOutlinedInput-input MuiInputBase-inputMultiline css-1sqnrkk-MuiInputBase-input-MuiOutlinedInput-input"
                  id=":r0:"
                  placeholder="Текст ответа"
                  rows="5"
                  style="height: 0px; overflow: hidden;"
                />
                <textarea
                  aria-hidden="true"
                  class="MuiInputBase-input MuiOutlinedInput-input MuiInputBase-inputMultiline css-1sqnrkk-MuiInputBase-input-MuiOutlinedInput-input"
                  readonly=""
                  style="visibility: hidden; position: absolute; overflow: hidden; height: 0px; top: 0px; left: 0px; transform: translateZ(0); padding: 0px; width: 100%;"
                  tabindex="-1"
                />
                <fieldset
                  aria-hidden="true"
                  class="MuiOutlinedInput-notchedOutline css-1d3z3hw-MuiOutlinedInput-notchedOutline"
                >
                  <legend
                    class="css-ihdtdm"
                  >
                    <span
                      class="notranslate"
                    >
                      ​
                    </span>
                  </legend>
                </fieldset>
              </div>
            </div>
            <button
              class="MuiButtonBase-root MuiButton-root MuiLoadingButton-root MuiButton-contained MuiButton-containedPrimary MuiButton-sizeMedium MuiButton-containedSizeMedium MuiButton-root MuiLoadingButton-root MuiButton-contained MuiButton-containedPrimary MuiButton-sizeMedium MuiButton-containedSizeMedium css-1tn15vr-MuiButtonBase-root-MuiButton-root-MuiLoadingButton-root"
              id=":r1:"
              tabindex="0"
              type="button"
            >
              Отправить
              <span
                class="MuiTouchRipple-root css-8je8zh-MuiTouchRipple-root"
              />
            </button>
          </div>
        </div>
      </form>
    </div>
  </div>
</DocumentFragment>
`;
