// Vitest Snapshot v1

exports[`LectureHomework > the component is render 1`] = `
<DocumentFragment>
  <h4
    class="MuiTypography-root MuiTypography-h4 css-14z7ouz-MuiTypography-root"
  >
    Домашнее задание
  </h4>
  <div
    class="MuiPaper-root MuiPaper-elevation MuiPaper-rounded MuiPaper-elevation1 css-nxklxt-MuiPaper-root"
  >
    <div
      class="MuiStack-root css-zgbp5c-MuiStack-root"
    >
      <div
        class="MuiBox-root css-i6bazn"
      >
        <h6
          class="MuiTypography-root MuiTypography-subtitle1 css-18u75fl-MuiTypography-root"
        >
          Здесь будет отображаться текст домашнего задания к текущей лекции.
          <br />
        </h6>
        <h6
          class="MuiTypography-root MuiTypography-subtitle1 css-18u75fl-MuiTypography-root"
        >
          Пример домашнего задания:
          <br />
        </h6>
        <h6
          class="MuiTypography-root MuiTypography-subtitle1 css-18u75fl-MuiTypography-root"
        >
          1. Есть ли разница между $("h1 div"); и $("h1").$("div").
          <br />
        </h6>
        <h6
          class="MuiTypography-root MuiTypography-subtitle1 css-18u75fl-MuiTypography-root"
        >
          Может ли привести к тому что, поиск найдёт разные элементы?
          <br />
        </h6>
        <h6
          class="MuiTypography-root MuiTypography-subtitle1 css-18u75fl-MuiTypography-root"
        >
          2. Разработайте следующий автотест:
          <br />
        </h6>
        <h6
          class="MuiTypography-root MuiTypography-subtitle1 css-18u75fl-MuiTypography-root"
        >
           - Откройте страницу Selenide в Github
          <br />
        </h6>
        <h6
          class="MuiTypography-root MuiTypography-subtitle1 css-18u75fl-MuiTypography-root"
        >
           - Перейдите в раздел Wiki проекта
          <br />
        </h6>
        <h6
          class="MuiTypography-root MuiTypography-subtitle1 css-18u75fl-MuiTypography-root"
        >
           - Убедитесь, что в списке страниц (Pages) есть страница SoftAssertions
          <br />
        </h6>
        <h6
          class="MuiTypography-root MuiTypography-subtitle1 css-18u75fl-MuiTypography-root"
        >
           - Откройте страницу SoftAssertions, проверьте что внутри есть пример кода для JUnit5
          <br />
        </h6>
      </div>
    </div>
  </div>
</DocumentFragment>
`;
