// Vitest Snapshot v1, https://vitest.dev/guide/snapshot.html

exports[`Homework > renders correctly 1`] = `
<DocumentFragment>
  <div
    class="MuiPaper-root MuiPaper-elevation MuiPaper-rounded MuiPaper-elevation1 css-ay1hcn-MuiPaper-root"
  >
    <div
      class="MuiStack-root css-d3d1h5-MuiStack-root"
    >
      <h5
        class="MuiTypography-root MuiTypography-h5 css-xlem1t-MuiTypography-root"
      >
        Ответ на задание
      </h5>
      <div
        class="MuiStack-root css-19iseno-MuiStack-root"
      >
        <svg
          fill="none"
          height="20"
          viewBox="0 0 20 20"
          width="20"
          xmlns="http://www.w3.org/2000/svg"
        >
          <path
            d="M9.99 0C4.47 0 0 4.48 0 10C0 15.52 4.47 20 9.99 20C15.52 20 20 15.52 20 10C20 4.48 15.52 0 9.99 0ZM10 18C5.58 18 2 14.42 2 10C2 5.58 5.58 2 10 2C14.42 2 18 5.58 18 10C18 14.42 14.42 18 10 18Z"
            fill="black"
            fill-opacity="0.56"
          />
          <path
            d="M10.5 5H9V11L14.25 14.15L15 12.92L10.5 10.25V5Z"
            fill="black"
            fill-opacity="0.56"
          />
        </svg>
        <div
          class="MuiBox-root css-0"
        >
          <p
            class="MuiTypography-root MuiTypography-body2 css-3c3maz-MuiTypography-root"
          >
            Ожидает проверки
          </p>
        </div>
      </div>
      <div
        class="MuiStack-root css-txf2s8-MuiStack-root"
      />
    </div>
    <hr
      class="MuiDivider-root MuiDivider-fullWidth css-9mgopn-MuiDivider-root"
    />
    <div
      class="MuiBox-root css-1kawqjx"
    >
      <div
        class="MuiStack-root css-19iseno-MuiStack-root"
      >
        <div
          class="MuiAvatar-root MuiAvatar-circular MuiAvatar-colorDefault css-1d0j7ho-MuiAvatar-root"
        >
          <h6
            class="MuiTypography-root MuiTypography-subtitle2 css-4ozz3r-MuiTypography-root"
          >
            fl
          </h6>
        </div>
        <div
          class="MuiBox-root css-0"
        >
          <h6
            class="MuiTypography-root MuiTypography-subtitle1 css-v3tflm-MuiTypography-root"
          >
            firstName lastName
          </h6>
          <div
            class="MuiStack-root css-1je0tgk-MuiStack-root"
          >
            <h6
              class="MuiTypography-root MuiTypography-subtitle2 css-4ozz3r-MuiTypography-root"
            >
              10.10.2021 | 12:11
            </h6>
          </div>
        </div>
      </div>
    </div>
    <div
      class="MuiBox-root css-1kawqjx"
    >
      <div
        class="MuiBox-root css-i6bazn"
      >
        <h6
          class="MuiTypography-root MuiTypography-subtitle1 css-tm4gf8-MuiTypography-root"
        >
          answer
          <br />
        </h6>
      </div>
    </div>
    <div
      class="MuiStack-root css-ba457o-MuiStack-root"
    >
      <div
        class="MuiStack-root css-vx72w3-MuiStack-root"
      >
        <div
          class="MuiStack-root css-16jryck-MuiStack-root"
        >
          <span
            class="MuiSkeleton-root MuiSkeleton-circular MuiSkeleton-pulse css-a4z31c-MuiSkeleton-root"
          />
          <div
            class="MuiStack-root css-1gcuwd7-MuiStack-root"
          >
            <span
              class="MuiSkeleton-root MuiSkeleton-text MuiSkeleton-pulse css-xs38fd-MuiSkeleton-root"
            />
            <span
              class="MuiSkeleton-root MuiSkeleton-text MuiSkeleton-pulse css-xs38fd-MuiSkeleton-root"
            />
          </div>
        </div>
        <span
          class="MuiSkeleton-root MuiSkeleton-rounded MuiSkeleton-pulse css-8hw9pq-MuiSkeleton-root"
        />
      </div>
      <div
        class="MuiStack-root css-vx72w3-MuiStack-root"
      >
        <div
          class="MuiStack-root css-16jryck-MuiStack-root"
        >
          <span
            class="MuiSkeleton-root MuiSkeleton-circular MuiSkeleton-pulse css-a4z31c-MuiSkeleton-root"
          />
          <div
            class="MuiStack-root css-1gcuwd7-MuiStack-root"
          >
            <span
              class="MuiSkeleton-root MuiSkeleton-text MuiSkeleton-pulse css-xs38fd-MuiSkeleton-root"
            />
            <span
              class="MuiSkeleton-root MuiSkeleton-text MuiSkeleton-pulse css-xs38fd-MuiSkeleton-root"
            />
          </div>
        </div>
        <span
          class="MuiSkeleton-root MuiSkeleton-rounded MuiSkeleton-pulse css-8hw9pq-MuiSkeleton-root"
        />
      </div>
    </div>
    <div
      class="MuiBox-root css-0"
    >
      <button
        class="MuiButtonBase-root MuiButton-root MuiButton-contained MuiButton-containedPrimary MuiButton-sizeMedium MuiButton-containedSizeMedium MuiButton-root MuiButton-contained MuiButton-containedPrimary MuiButton-sizeMedium MuiButton-containedSizeMedium css-1yyn4lv-MuiButtonBase-root-MuiButton-root"
        tabindex="0"
        type="button"
      >
        Показать другие комментарии
        <span
          class="MuiTouchRipple-root css-8je8zh-MuiTouchRipple-root"
        />
      </button>
    </div>
  </div>
</DocumentFragment>
`;
