// Vitest Snapshot v1, https://vitest.dev/guide/snapshot.html

exports[`HomeworksOtherStudents > renders correctly 1`] = `
<DocumentFragment>
  <div
    class="MuiStack-root css-1t3znw4-MuiStack-root"
  >
    <h4
      class="MuiTypography-root MuiTypography-h4 css-5lbw0b-MuiTypography-root"
    >
      Домашние работы других студентов
    </h4>
    <h4
      class="MuiTypography-root MuiTypography-h4 css-5lbw0b-MuiTypography-root"
    >
      (7)
    </h4>
  </div>
  <div
    class="MuiStack-root css-1sazv7p-MuiStack-root"
  >
    <div
      class="MuiPaper-root MuiPaper-elevation MuiPaper-rounded MuiPaper-elevation1 css-nxklxt-MuiPaper-root"
    >
      <div
        class="MuiStack-root css-osjy2d-MuiStack-root"
      >
        <h5
          class="MuiTypography-root MuiTypography-h5 css-ag7rrr-MuiTypography-root"
        >
          Ответ на задание
        </h5>
        <div
          class="MuiStack-root css-kdc3n8-MuiStack-root"
        >
          <svg
            fill="none"
            height="14"
            viewBox="0 0 18 14"
            width="18"
            xmlns="http://www.w3.org/2000/svg"
          >
            <path
              d="M6.00016 11.17L1.83016 7L0.410156 8.41L6.00016 14L18.0002 2L16.5902 0.59L6.00016 11.17Z"
              fill="#2CCCA6"
            />
          </svg>
          <div
            class="MuiBox-root css-0"
          >
            <p
              class="MuiTypography-root MuiTypography-body2 css-e784if-MuiTypography-root"
            >
              Принято
            </p>
          </div>
        </div>
        <div
          class="MuiStack-root css-vq7ph6-MuiStack-root"
        >
          <div
            class="MuiBox-root css-1quw33y"
          >
            <div
              class="MuiStack-root css-qix97k-MuiStack-root"
            >
              <div
                class="MuiAvatar-root MuiAvatar-circular MuiAvatar-colorDefault css-11h8gky-MuiAvatar-root"
              >
                <h6
                  class="MuiTypography-root MuiTypography-subtitle2 css-ati914-MuiTypography-root"
                >
                  ss
                </h6>
              </div>
              <div
                class="MuiBox-root css-0"
              >
                <h6
                  class="MuiTypography-root MuiTypography-subtitle1 css-10wpov9-MuiTypography-root"
                >
                  string string
                </h6>
                <div
                  class="MuiStack-root css-gmwslw-MuiStack-root"
                >
                  <h6
                    class="MuiTypography-root MuiTypography-subtitle2 css-ati914-MuiTypography-root"
                  >
                    23.05.2023 | 00:00
                  </h6>
                </div>
              </div>
            </div>
          </div>
        </div>
      </div>
      <hr
        class="MuiDivider-root MuiDivider-fullWidth css-9mgopn-MuiDivider-root"
      />
      <div
        class="MuiBox-root css-1yuhvjn"
      >
        <div
          class="MuiStack-root css-qix97k-MuiStack-root"
        >
          <div
            class="MuiAvatar-root MuiAvatar-circular MuiAvatar-colorDefault css-11h8gky-MuiAvatar-root"
          >
            <h6
              class="MuiTypography-root MuiTypography-subtitle2 css-ati914-MuiTypography-root"
            >
              ss
            </h6>
          </div>
          <div
            class="MuiBox-root css-0"
          >
            <h6
              class="MuiTypography-root MuiTypography-subtitle1 css-10wpov9-MuiTypography-root"
            >
              string string
            </h6>
            <div
              class="MuiStack-root css-gmwslw-MuiStack-root"
            >
              <h6
                class="MuiTypography-root MuiTypography-subtitle2 css-ati914-MuiTypography-root"
              >
                23.05.2023 | 00:00
              </h6>
            </div>
          </div>
        </div>
      </div>
      <div
        class="MuiBox-root css-6qfr2n"
      >
        <div
          class="MuiBox-root css-i6bazn"
        >
          <h6
            class="MuiTypography-root MuiTypography-subtitle1 css-18u75fl-MuiTypography-root"
          >
            string
            <br />
          </h6>
        </div>
      </div>
      <button
        class="MuiButtonBase-root MuiButton-root MuiButton-contained MuiButton-containedPrimary MuiButton-sizeMedium MuiButton-containedSizeMedium MuiButton-root MuiButton-contained MuiButton-containedPrimary MuiButton-sizeMedium MuiButton-containedSizeMedium css-1ouw2p3-MuiButtonBase-root-MuiButton-root"
        tabindex="0"
        type="button"
      >
        Редактировать
        <span
          class="MuiTouchRipple-root css-8je8zh-MuiTouchRipple-root"
        />
      </button>
      <div
        class="MuiStack-root css-47fnhy-MuiStack-root"
      >
        <div
          class="MuiStack-root css-e8agqp-MuiStack-root"
        >
          <div
            class="MuiStack-root css-jfdv4h-MuiStack-root"
          >
            <div
              class="MuiStack-root css-kdc3n8-MuiStack-root"
            >
              <span
                class="MuiSkeleton-root MuiSkeleton-circular MuiSkeleton-pulse css-wkdwxb-MuiSkeleton-root"
                style="width: 40px; height: 40px;"
              />
              <div
                class="MuiStack-root css-1r50ci7-MuiStack-root"
              >
                <span
                  class="MuiSkeleton-root MuiSkeleton-text MuiSkeleton-pulse css-12j6v5j-MuiSkeleton-root"
                />
                <span
                  class="MuiSkeleton-root MuiSkeleton-text MuiSkeleton-pulse css-12j6v5j-MuiSkeleton-root"
                />
              </div>
            </div>
            <span
              class="MuiSkeleton-root MuiSkeleton-rounded MuiSkeleton-pulse css-7uzo9y-MuiSkeleton-root"
              style="width: 100%; height: 60px;"
            />
          </div>
          <div
            class="MuiStack-root css-jfdv4h-MuiStack-root"
          >
            <div
              class="MuiStack-root css-kdc3n8-MuiStack-root"
            >
              <span
                class="MuiSkeleton-root MuiSkeleton-circular MuiSkeleton-pulse css-wkdwxb-MuiSkeleton-root"
                style="width: 40px; height: 40px;"
              />
              <div
                class="MuiStack-root css-1r50ci7-MuiStack-root"
              >
                <span
                  class="MuiSkeleton-root MuiSkeleton-text MuiSkeleton-pulse css-12j6v5j-MuiSkeleton-root"
                />
                <span
                  class="MuiSkeleton-root MuiSkeleton-text MuiSkeleton-pulse css-12j6v5j-MuiSkeleton-root"
                />
              </div>
            </div>
            <span
              class="MuiSkeleton-root MuiSkeleton-rounded MuiSkeleton-pulse css-7uzo9y-MuiSkeleton-root"
              style="width: 100%; height: 60px;"
            />
          </div>
        </div>
        <div
          class="MuiBox-root css-0"
        >
          <button
            class="MuiButtonBase-root MuiButton-root MuiButton-contained MuiButton-containedPrimary MuiButton-sizeMedium MuiButton-containedSizeMedium MuiButton-root MuiButton-contained MuiButton-containedPrimary MuiButton-sizeMedium MuiButton-containedSizeMedium css-sghohy-MuiButtonBase-root-MuiButton-root"
            tabindex="0"
            type="button"
          >
            Показать
            <span
              class="MuiTouchRipple-root css-8je8zh-MuiTouchRipple-root"
            />
          </button>
        </div>
      </div>
    </div>
  </div>
  <div
    class="MuiStack-root css-1inmmz-MuiStack-root"
  >
    <button
      class="MuiButtonBase-root MuiButton-root MuiLoadingButton-root MuiButton-text MuiButton-textPrimary MuiButton-sizeMedium MuiButton-textSizeMedium MuiButton-root MuiLoadingButton-root MuiButton-text MuiButton-textPrimary MuiButton-sizeMedium MuiButton-textSizeMedium css-m0rdlc-MuiButtonBase-root-MuiButton-root-MuiLoadingButton-root"
      id=":r0:"
      tabindex="0"
      type="button"
    >
      Загрузить еще
      <span
        class="MuiButton-endIcon MuiButton-iconSizeMedium css-9tj150-MuiButton-endIcon"
      >
        <svg
          aria-hidden="true"
          class="MuiSvgIcon-root MuiSvgIcon-fontSizeMedium css-i4bv87-MuiSvgIcon-root"
          data-testid="ExpandMoreIcon"
          focusable="false"
          viewBox="0 0 24 24"
        >
          <path
            d="M16.59 8.59 12 13.17 7.41 8.59 6 10l6 6 6-6z"
          />
        </svg>
      </span>
      <span
        class="MuiTouchRipple-root css-8je8zh-MuiTouchRipple-root"
      />
    </button>
  </div>
</DocumentFragment>
`;
