// Vitest Snapshot v1, https://vitest.dev/guide/snapshot.html

exports[`LectureTitle > the component is render 1`] = `
<DocumentFragment>
  <h4
    class="MuiTypography-root MuiTypography-h4 css-1h02dxw-MuiTypography-root"
  >
    Title
  </h4>
</DocumentFragment>
`;
