// Vitest Snapshot v1

exports[`Menu > the component is render 1`] = `
<DocumentFragment>
  <div
    class="MuiBox-root css-j0f50d"
  >
    <button
      class="MuiButtonBase-root MuiButton-root MuiButton-text MuiButton-textPrimary MuiButton-sizeMedium MuiButton-textSizeMedium MuiButton-root MuiButton-text MuiButton-textPrimary MuiButton-sizeMedium MuiButton-textSizeMedium css-1e6y48t-MuiButtonBase-root-MuiButton-root"
      tabindex="0"
      type="button"
    >
      <h6
        class="MuiTypography-root MuiTypography-subtitle2 css-ati914-MuiTypography-root"
      >
        <a
          href="/"
        />
      </h6>
      <span
        class="MuiTouchRipple-root css-8je8zh-MuiTouchRipple-root"
      />
    </button>
  </div>
</DocumentFragment>
`;
